// Jest Snapshot v1, https://goo.gl/fbAQLP

exports[`DealSelect component snapshot matches 1`] = `
<div
  className="sc-hwcHae hiyYjn"
>
  <div
    className="sc-jKVCRD eDSGVr"
  >
    <label
      className="sc-ebFjAB bHuvQk"
    >
      Board
    </label>
    <div
      className="Select is-searchable Select--single"
    >
      <div
        className="Select-control"
        onKeyDown={[Function]}
        onMouseDown={[Function]}
        onTouchEnd={[Function]}
        onTouchMove={[Function]}
        onTouchStart={[Function]}
      >
        <span
          className="Select-multi-value-wrapper"
          id="react-select-5--value"
        >
          <div
            className="Select-placeholder"
          >
            Choose a board
          </div>
          <div
            className="Select-input"
            style={
              Object {
                "display": "inline-block",
              }
            }
          >
            <input
              aria-activedescendant="react-select-5--value"
              aria-expanded="false"
              aria-haspopup="false"
              aria-owns=""
              onBlur={[Function]}
              onChange={[Function]}
              onFocus={[Function]}
              required={false}
              role="combobox"
              style={
                Object {
                  "boxSizing": "content-box",
                  "width": "5px",
                }
              }
              value=""
            />
            <div
              style={
                Object {
                  "height": 0,
                  "left": 0,
                  "overflow": "scroll",
                  "position": "absolute",
                  "top": 0,
                  "visibility": "hidden",
                  "whiteSpace": "pre",
                }
              }
            >
              
            </div>
          </div>
        </span>
        <span
          className="Select-arrow-zone"
          onMouseDown={[Function]}
        >
          <span
            className="Select-arrow"
            onMouseDown={[Function]}
          />
        </span>
      </div>
    </div>
  </div>
  <div
    className="sc-jKVCRD eDSGVr"
  >
    <label
      className="sc-ebFjAB bHuvQk"
    >
      Pipeline
    </label>
    <div
      className="Select is-searchable Select--single"
    >
      <div
        className="Select-control"
        onKeyDown={[Function]}
        onMouseDown={[Function]}
        onTouchEnd={[Function]}
        onTouchMove={[Function]}
        onTouchStart={[Function]}
      >
        <span
          className="Select-multi-value-wrapper"
          id="react-select-6--value"
        >
          <div
            className="Select-placeholder"
          >
            Choose a pipeline
          </div>
          <div
            className="Select-input"
            style={
              Object {
                "display": "inline-block",
              }
            }
          >
            <input
              aria-activedescendant="react-select-6--value"
              aria-expanded="false"
              aria-haspopup="false"
              aria-owns=""
              onBlur={[Function]}
              onChange={[Function]}
              onFocus={[Function]}
              required={false}
              role="combobox"
              style={
                Object {
                  "boxSizing": "content-box",
                  "width": "5px",
                }
              }
              value=""
            />
            <div
              style={
                Object {
                  "height": 0,
                  "left": 0,
                  "overflow": "scroll",
                  "position": "absolute",
                  "top": 0,
                  "visibility": "hidden",
                  "whiteSpace": "pre",
                }
              }
            >
              
            </div>
          </div>
        </span>
        <span
          className="Select-arrow-zone"
          onMouseDown={[Function]}
        >
          <span
            className="Select-arrow"
            onMouseDown={[Function]}
          />
        </span>
      </div>
    </div>
  </div>
  <div
    className="sc-jKVCRD eDSGVr"
  >
    <label
      className="sc-ebFjAB bHuvQk"
    >
      Stage
    </label>
    <div
      className="Select is-searchable Select--single"
    >
      <div
        className="Select-control"
        onKeyDown={[Function]}
        onMouseDown={[Function]}
        onTouchEnd={[Function]}
        onTouchMove={[Function]}
        onTouchStart={[Function]}
      >
        <span
          className="Select-multi-value-wrapper"
          id="react-select-7--value"
        >
          <div
            className="Select-placeholder"
          >
            Choose a stage
          </div>
          <div
            className="Select-input"
            style={
              Object {
                "display": "inline-block",
              }
            }
          >
            <input
              aria-activedescendant="react-select-7--value"
              aria-expanded="false"
              aria-haspopup="false"
              aria-owns=""
              onBlur={[Function]}
              onChange={[Function]}
              onFocus={[Function]}
              required={false}
              role="combobox"
              style={
                Object {
                  "boxSizing": "content-box",
                  "width": "5px",
                }
              }
              value=""
            />
            <div
              style={
                Object {
                  "height": 0,
                  "left": 0,
                  "overflow": "scroll",
                  "position": "absolute",
                  "top": 0,
                  "visibility": "hidden",
                  "whiteSpace": "pre",
                }
              }
            >
              
            </div>
          </div>
        </span>
        <span
          className="Select-arrow-zone"
          onMouseDown={[Function]}
        >
          <span
            className="Select-arrow"
            onMouseDown={[Function]}
          />
        </span>
      </div>
    </div>
  </div>
</div>
`;
