// Jest Snapshot v1, https://goo.gl/fbAQLP

exports[`ModifiableList component snapshot matches 1`] = `
<ul
  className="sc-AnqlK gSVDjS"
>
  <li>
    80201929
    <i
      className="icon-cancel-1 sc-bwzfXH hpxbGw"
      icon="cancel-1"
      onClick={[Function]}
    />
  </li>
  <li>
    12312322
    <i
      className="icon-cancel-1 sc-bwzfXH hpxbGw"
      icon="cancel-1"
      onClick={[Function]}
    />
  </li>
  <li>
    9090
    <i
      className="icon-cancel-1 sc-bwzfXH hpxbGw"
      icon="cancel-1"
      onClick={[Function]}
    />
  </li>
  <input
    autoFocus={true}
    className="sc-kaNhvL bKDVoH"
    disabled={false}
    id="optionValue"
    onChange={[Function]}
    onKeyPress={[Function]}
    required={false}
  />
  <div
    className="sc-keFjpB cCmNHQ"
  >
    <button
      className="sc-ifAKCX iXBVjW"
      icon="cancel-1"
      onClick={[Function]}
      type="button"
    >
      <i
        className="icon-cancel-1 sc-bwzfXH hpxbGw"
        icon="cancel-1"
      />
      <span>
        Cancel
      </span>
    </button>
    <button
      className="sc-ifAKCX gFKTGi"
      icon="checked-1"
      onClick={[Function]}
      type="button"
    >
      <i
        className="icon-checked-1 sc-bwzfXH hpxbGw"
        icon="checked-1"
      />
      <span>
        Save
      </span>
    </button>
  </div>
</ul>
`;
