// Jest Snapshot v1, https://goo.gl/fbAQLP

exports[`Testing ModifiableSelect component matches snapshot 1`] = `
<Fragment>
  <FormGroup>
    <Select
      arrowRenderer={[Function]}
      autosize={true}
      backspaceRemoves={true}
      backspaceToRemoveMessage="Press backspace to remove {label}"
      clearAllText="Clear all"
      clearRenderer={[Function]}
      clearValueText="Clear value"
      clearable={true}
      closeOnSelect={true}
      deleteRemoves={true}
      delimiter=","
      disabled={false}
      dropdownComponent={[Function]}
      escapeClearsValue={true}
      filterOptions={[Function]}
      ignoreAccents={true}
      ignoreCase={true}
      inputProps={Object {}}
      isLoading={false}
      joinValues={false}
      labelKey="label"
      matchPos="any"
      matchProp="any"
      menuBuffer={0}
      menuRenderer={[Function]}
      multi={false}
      noResultsText="No results found"
      onBlurResetsInput={true}
      onChange={[Function]}
      onCloseResetsInput={true}
      onSelectResetsInput={true}
      openOnClick={true}
      optionComponent={[Function]}
      optionGroupComponent={[Function]}
      options={
        Array [
          Object {
            "label": "11111111",
            "onRemove": [Function],
            "value": "11111111",
          },
          Object {
            "label": "22222222",
            "onRemove": [Function],
            "value": "22222222",
          },
        ]
      }
      pageSize={5}
      placeholder="phone"
      removeSelected={true}
      required={false}
      rtl={false}
      scrollMenuIntoView={true}
      searchable={false}
      simpleValue={false}
      tabSelectsValue={true}
      trimFilter={true}
      value="80"
      valueComponent={[Function]}
      valueKey="value"
    />
  </FormGroup>
  <Button
    block={false}
    btnStyle="default"
    icon="add"
    onClick={[Function]}
    size="small"
    type="button"
  >
    add
  </Button>
</Fragment>
`;
