// Jest Snapshot v1, https://goo.gl/fbAQLP

exports[`ProgressBar component snapshot matches 1`] = `
<div
  className="sc-bwzfXH fbeMma"
>
  <div
    className="sc-htpNat fWIABv"
    style={
      Object {
        "width": "50%",
      }
    }
  />
  <div
    className="sc-bdVaJa kOEvUl"
  />
</div>
`;
